[TOC]

# 行

innodb 每个页的行记录最多存放16KB/2-200 行，即最多7992行记录


######

## INNODB的行记录格式

```sql
mysql> show table status like 't1'\G;
********* 1. row *********
           Name: t1
         Engine: InnoDB
        Version: 10
     Row_format: Dynamic   
---------查看表的行格式



1  compact row_format
  
  compact格式的行记录，在一个页中的数量越多，其性能越高。 
  每行数据当中，除了用户定义的列之外，还两个伪列：事务ID列&回滚指针列；若不指定主键，还会创建一个6字节的rowid列
  工具：hexdump -C -v /usr/local/mysql/data/db100/z.ibd > z.txt  linux 用来查看二进制文件
  
  在compact的行格式中，NULL不管是varchar 还是char  都不占任何存储空间；只在NULL标志位标志。
  innodb在页的内部是以一种链表的结构来串联各行记录的。（在记录头的最后两个字节代表下条记录的偏移量）

2 Redundant（为了兼容老版本而存在）
  NULL 值对于varchar不占用空间
       对于char 占用空间

3 行溢出数据

INNODB会将一条记录中的某些数据存放在数据页之外（一般为blob等大对象）。
innodb的表对于varchar类型的数据，最大长度是65532，此处长度指的是字节长度。（所有列的字节长度之和不能超过65535，否者表无法创建）
注意：对于varchar（N），N指的是字符长度，而上述限制65532指的是字节

实验：
mysql> insert into test select REPEAT('a',65532);

[root@DBtest db100]# cd ..
[root@DBtest data]# python py_innodb_page_info.py -v db100/test.ibd
page offset 00000000, page type <File Space Header>
page offset 00000001, page type <Insert Buffer Bitmap>
page offset 00000002, page type <File Segment inode>
page offset 00000003, page type <B-tree Node>, page level <0000>
page offset 00000004, page type <Uncompressed BLOB Page>
page offset 00000005, page type <Uncompressed BLOB Page>
page offset 00000006, page type <Uncompressed BLOB Page>
page offset 00000007, page type <Uncompressed BLOB Page>
page offset 00000008, page type <Uncompressed BLOB Page>
Total number of page: 9:
Insert Buffer Bitmap: 1
Uncompressed BLOB Page: 5
File Space Header: 1
B-tree Node: 1
File Segment inode: 1

可见：4个Uncompressed BLOB Page是真正存放65532个字节内容的页。
      数据页只保存了varchar（65532）的前768个字节的前缀数据。之后是偏移量指向溢出页。

注释：如果一个数据页中至少可以存放两行数据，那么varchar类型的数据就不会存放到BLOB页当中去。阈值是8098
     对于TEXT BLOB的数据类型，和varchar一样，至少保证一个页能存放两条记录，就能存放在数据页当中。不一定是在BLOB页当中。
mysql> create table t1(a varchar(8098)) ENGINE=INNODB;
ERROR 1050 (42S01): Table 't1' already exists
mysql> create table t2(a varchar(8098)) ENGINE=INNODB CHARSET=latin1;
Query OK, 0 rows affected (0.02 sec)

mysql> insert into t2 select REPEAT('a',8098);
Query OK, 1 row affected (0.05 sec)
Records: 1  Duplicates: 0  Warnings: 0

mysql> insert into t2 select REPEAT('a',8098);
Query OK, 1 row affected (0.00 sec)
Records: 1  Duplicates: 0  Warnings: 0

[root@DBtest data]# python py_innodb_page_info.py -v db100/t2.ibd
page offset 00000000, page type <File Space Header>
page offset 00000001, page type <Insert Buffer Bitmap>
page offset 00000002, page type <File Segment inode>
page offset 00000003, page type <B-tree Node>, page level <0000>
page offset 00000000, page type <Freshly Allocated Page>
page offset 00000000, page type <Freshly Allocated Page>
Total number of page: 6:
Freshly Allocated Page: 2
Insert Buffer Bitmap: 1
File Space Header: 1
B-tree Node: 1
File Segment inode: 1



4 compressed 和 Dynamic行记录格式
对于存放BLOB的数据采取了完全的行溢出方式，在数据页当中值存放20个字节的指针，不同于之前的compact和Redundant格式存放768字节的前缀；
实际数据都存放在off page当中。
而且compressed的合适采用zlib压缩，对于BLOB TEXT varchar能够更有效的存储。

5 CHAR的行结构存储
CHAR（N）当中的N指的是字符长度。

mysql> create table j(a char(2)) charset=GBK engine=innodb;
Query OK, 0 rows affected (0.03 sec)

mysql> insert into j values('ab');
Query OK, 1 row affected (0.01 sec)

mysql> insert into j values('我们');
Query OK, 1 row affected (0.00 sec)

mysql> insert into j values('a');
Query OK, 1 row affected (0.01 sec)

mysql> select a,char_length(a),length(a) from j;
+--------+----------------+-----------+
| a      | char_length(a) | length(a) |
+--------+----------------+-----------+
| ab     |              2 |         2 |
| 我们   |              2 |         4 |
| a      |              1 |         1 |
+--------+----------------+-----------+
在innodb当中将char视为变长字符类型；在多字符集的情况下，char和varchar的实际存储基本没有区别。

```





