[TOC]

# 约束

```sql
1. 实体完整性　
保证表中有一个主键。在InnoDB存储引擎表中，我们可以通过定义Primary Key或者Unique Key约束来保证实体的完整性。或者我们还可以通过编写一个触发器来保证数据完整性。

2. 域完整性　
保证数据的值满足特定的条件。在InnoDB存储引擎表中，域完整性可以通过以下几种途径来保证：选择合适的数据类型可以确保一个数据值满足特定条件，外键（Foreign Key）约束，编写触发器，还可以考虑用DEFAULT约束作为强制域完整性的一个方面。

3.参照完整性　
保证两张表之间的关系。
InnoDB存储引擎支持外键，因此允许用户定义外键以强制参照完整性，也可以通过编写触发器以强制执行。

注意
对于InnoDB存储引擎而言，提供了4中约束：
Primary Key，
Unique Key，
Foreign Key，
Default，
NOT NULL
```



## 约束的创建与查找

```sql
a 表在建立的时候就进行约束定义
b 利用 alter table 命令来创建约束


mysql> create table u(id INT,name varchar(20),id_card char(18),PRIMARY KEY (id),UNIQUE KEY (name));
Query OK, 0 rows affected (0.06 sec)

mysql> select constraint_name,constraint_type from information_schema.TABLE_CONSTRAINTS where table_schema='db100' and table_name='u';\G;
+-----------------+-----------------+
| constraint_name | constraint_type |
+-----------------+-----------------+
| PRIMARY         | PRIMARY KEY     |
| name            | UNIQUE          |
+-----------------+-----------------+

主键的约束名是 PRIMARY
唯一索引的默认约束与列名相同

mysql> alter table u ADD unique key uk_id_card (id_card);
Query OK, 0 rows affected (0.03 sec)
Records: 0  Duplicates: 0  Warnings: 0

mysql> select constraint_name,constraint_type from information_schema.TABLE_CONSTRAINTS where table_schema='db100' and table_name='u'\G;
*************************** 1. row ***************************
constraint_name: PRIMARY
constraint_type: PRIMARY KEY
*************************** 2. row ***************************
constraint_name: name
constraint_type: UNIQUE
*************************** 3. row ***************************
constraint_name: uk_id_card
constraint_type: UNIQUE
3 rows in set (0.00 sec)

外键
mysql> create table p (id int,u_id int,primary key (id),foreign key (u_id) references p (id));

mysql> select constraint_name,constraint_type from information_schema.TABLE_CONSTRAINTS where table_schema='db100' and table_name='p'\G;
*************************** 1. row ***************************
constraint_name: PRIMARY
constraint_type: PRIMARY KEY
*************************** 2. row ***************************
constraint_name: p_ibfk_1
constraint_type: FOREIGN KEY
2 rows in set (0.00 sec)
```



## 约束和索引的区别

```SQL
当你创建了一个唯一索引，就创建了一个唯一的约束。

但是：
约束是逻辑概念，用来保证数据的完整性；
索引是一个数据结构 既是逻辑概念 又在数据库中还代表着物理存储的概念
```



## 对错误数据的约束

```sql
mysql>  show variables like 'sql_mode'\G;
*************************** 1. row ***************************
Variable_name: sql_mode
        Value: ONLY_FULL_GROUP_BY,STRICT_TRANS_TABLES,NO_ZERO_IN_DATE,NO_ZERO_DATE,ERROR_FOR_DIVISION_BY_ZERO,NO_AUTO_CREATE_USER,NO_ENGINE_SUBSTITUTION
1 row in set (0.01 sec)

ERROR: 
No query specified

mysql> set sql_mode='strict_trans_tables'; 
Query OK, 0 rows affected, 2 warnings (0.00 sec)
```



## ENUM 和 SET 约束

```SQL
MySQL不支持传统的CHECK约束，但是通过ENUM和SET类型可以解决部分这样的约束需求。如我们的表上有一个性别类型，规定域的范围只能是male或者female，这种情况下我们可以通过ENUM类型来进行约束：


mysql> create table a (id int,sex enum('male','female'));
ERROR 1050 (42S01): Table 'a' already exists
mysql> create table a1 (id int,sex enum('male','female'));
Query OK, 0 rows affected (0.03 sec)

mysql> insert into a1 select 1,'male';
Query OK, 1 row affected (0.03 sec)
Records: 1  Duplicates: 0  Warnings: 0

mysql> insert into a1 select 2,'man';
ERROR 1265 (01000): Data truncated for column 'sex' at row 1
```



## 触发器与约束

```SQL
完整性约束通常也可以使用触发器来实现，触发器的作用是在INSERT、DELETE和UPDATE命令之前或之后自动调用SQL命令或者存储过程。

创建命令：
CREATE  
[DEFINER={user|CURRENT_USER}]
TRIGGER trigger_name
BEFORE|AFTER   INSERT|UPDATE|DELETE
ON tbl_name
FOR EACH ROW trigger_stmt


最多可以为一个表建立6个触发器，即分别为INSERT、UPDATE、DELETE的BEFORE和AFTER各定义一个。


实验：
mysql> create table usercash (userid INT not null,cash int unsigned not null);
Query OK, 0 rows affected (0.04 sec)

mysql> insert into usercash select 1,1000;
Query OK, 1 row affected (0.00 sec)
Records: 1  Duplicates: 0  Warnings: 0

mysql> update usercash set cash=cash-(-20) where userid =1;
Query OK, 1 row affected (0.01 sec

--创建触发器
mysql> delimiter $$
mysql> create trigger tgr_usercash_update before update on usercash
    -> for each row
    -> begin
    -> if new.cash-old.cash > 0 then
    -> insert into usercash_err_log
    -> select old.userid,old.cash,new.cash,USER(),NOW();
    -> set new.cash=old.cash;
    -> END IF;
    -> END;
    -> $$
Query OK, 0 rows affected (0.01 sec)
                          
--违规操作没有生效
mysql> insert into usercash select 1,1000;
Query OK, 1 row affected (0.01 sec)
Records: 1  Duplicates: 0  Warnings: 0

mysql> update usercash set cash=cash-(-20) where userid=1;
Query OK, 0 rows affected (0.01 sec)
Rows matched: 1  Changed: 0  Warnings: 0

mysql> select * from usercash;
+--------+------+
| userid | cash |
+--------+------+
|      1 | 1000 |
+--------+------+

查看错误记录
mysql> select * from usercash_err_log;
+--------+----------+----------+----------------+---------------------+
| userid | old_cash | new_cash | user           | time                |
+--------+----------+----------+----------------+---------------------+
|      1 |     1000 |     1020 | root@localhost | 2019-01-18 15:15:17 |
+--------+----------+----------+----------------+---------------------+
```







## 外键约束

外键用来保证参照的完整性

```sql
定义：
[CONSTRAINT[symbol]] FOREIGN KEY
[index_name](index_col_name,……)
REFERENCES tbl_name (index_col_name,……)
[ON DELETE reference_option]
[ON UPDATE reference_option]
reference_option:
RESTRICT|CASCADE|SET NULL|NO ACTION

references_option:
外键定义时ON update 或者 delete时：
cascade 对父表进行相关的操作（update delete）对字表也进行
set NULL  将子表的值更新为空值
no action 不允许此类操作发生
restrict  不允许此类操作发生

实验：
mysql> create table parent (id int not null,primary key (id)) engine=innodb;
Query OK, 0 rows affected (0.04 sec)

mysql> create table child (id int,parent_id int,foreign key (parent_id) references parent(id)) engine=innodb;
Query OK, 0 rows affected (0.04 sec)

mysql> show create table child\G;
*************************** 1. row ***************************
       Table: child
Create Table: CREATE TABLE `child` (
  `id` int(11) DEFAULT NULL,
  `parent_id` int(11) DEFAULT NULL,
  KEY `parent_id` (`parent_id`),
  CONSTRAINT `child_ibfk_1` FOREIGN KEY (`parent_id`) REFERENCES `parent` (`id`)
) ENGINE=InnoDB DEFAULT CHARSET=latin1
1 row in set (0.00 sec)

innodb自动为外键约束的列添加了索引。

在Oracle数据库中，外键通常被人忽视的地方是，对于建立外键的列，一定不要忘记给这个列加上一个索引。而InnoDB存储引擎在外键建立时会自动地对该列加一个索引，这和Microsoft SQL Server数据库的做法一样。因此可以很好地避免外键列上无索引而导致的死锁问题的产生



导入数据时：
mysql> set foreign_key_checks=0;
Query OK, 0 rows affected (0.00 sec)
导入数据....

mysql> set foreign_key_checks=1;
Query OK, 0 rows affected (0.00 sec)

忽略外键检查，节省导入数据时间。
```













