[TOC]

# 锁

## 什么是锁

```powershell
   锁是数据库系统区别于文件系统的一个关键特性。锁机制用于管理对共享资源的并发访问。
   InnoDB存储引擎锁的实现和Oracle非常类似，提供一致性的非锁定读、行级锁支持，行级锁没有相关的开销，可以同时得到并发性和一致性。
   
   
```

  

## lock & latch

```powershell
    latch称为闩锁，一种轻量级锁，要求锁定时间非常短。
    分为mutex（互斥量）和rwlock （读写锁）：目的是保证并发线程操作临界资源的正确性，并且通常没有死锁检测机制。

    lock的对象是事务，用来锁定数据中的对象：表 页 行。仅在事务commit和rollback之后释放。是有死锁机制的。
    
    mysql> show engine innodb mutex;
    +--------+-----------------------------+-----------+
    | Type   | Name                        | Status    |
    +--------+-----------------------------+-----------+
    | InnoDB | rwlock: dict0dict.cc:2737   | waits=2   |
    | InnoDB | rwlock: dict0dict.cc:2737   | waits=1   |
    | InnoDB | rwlock: dict0dict.cc:1183   | waits=113 |
    | InnoDB | rwlock: log0log.cc:838      | waits=239 |
    | InnoDB | sum rwlock: buf0buf.cc:1460 | waits=2   |
    +--------+-----------------------------+-----------+
```



## innodb 存储引擎当中的锁

```powershell
锁的类型
    有如下两种标准的行级锁：
        共享锁 SLock：允许事务读一行数据
        排它锁 XLock：允许事务删除或更新一行数据
        
意向锁：
    意向锁是表级别的锁，其设计目的主要是为了在一个事务中揭示下一行将被请求的锁的类型。
    意向共享锁：事务想要获得一张表上某几行的共享锁       
    意向排它锁：事务想要获得一张表上某几行的排他锁
    例如：把上锁的对象看做一颗树，那么对最下层的对象上锁，那么首先要对粗粒度的对象上锁。要对页上的r记录上X锁,那就要对数据库A，表，页上意向锁IX，最后对记录r上X锁。‘
         其中任何一个部分导致等待，那么该操作需要等待粗粒度的锁完成。
```





### 通过如下的联合查询，了解数据库的锁情况：

```SQL
select
r.trx_isolation_level,
r.trx_id waiting_trx_id,
r.trx_mysql_thread_id  waiting_trx_thread,
r.trx_state  waiting_trx_state,
lr.lock_mode waiting_trx_lock_mode,
lr.lock_type  waiting_trx_lock_type,
lr.lock_table  waiting_trx_lock_table,
lr.lock_index  waiting_trx_lock_index,
r.trx_query  waiting_trx_query,
b.trx_id  blocking_trx_id,
b.trx_mysql_thread_id  blocking_trx_thread,
b.trx_state  blocking_trx_state,
lb.lock_mode blocking_trx_lock_mode,
lb.lock_type  blocking_trx_lock_type,
lb.lock_table  blocking_trx_lock_table,
lb.lock_index  blocking_trx_lock_index,
b.trx_query  blocking_query
from  information_schema.innodb_lock_waits  w
inner  join  information_schema.innodb_trx b
on  b.trx_id=w.blocking_trx_id
inner  join  information_schema.innodb_trx  r
on  r.trx_id=w.requesting_trx_id
inner  join   information_schema.innodb_locks  lb
on  lb.lock_trx_id=w.blocking_trx_id
inner  join   information_schema.innodb_locks  lr
on  lr.lock_trx_id=w.requesting_trx_id\G;

再通过，kill命令杀掉相关堵塞的线程：
kill blocking_trx_thread

或者：boo的方法
select l.* from 
( select 'Blocker' role, p.id, p.user, left(p.host, locate(':', p.host) - 1) host, tx.trx_id, tx.trx_state, tx.trx_started, 
timestampdiff(second, tx.trx_started, now()) duration, lo.lock_mode, lo.lock_type, 
lo.lock_table, lo.lock_index, tx.trx_query, lw.requesting_thd_id Blockee_id, lw.requesting_trx_id Blockee_trx 
from information_schema.innodb_trx tx, information_schema.innodb_lock_waits lw, information_schema.innodb_locks lo, 
information_schema.processlist p where lw.blocking_trx_id = tx.trx_id and p.id = tx.trx_mysql_thread_id 
and lo.lock_id = lw.blocking_lock_id union select 'Blockee' role, p.id, p.user, left(p.host, locate(':', p.host) - 1) host, 
tx.trx_id, tx.trx_state, tx.trx_started, timestampdiff(second, tx.trx_started, now()) duration, lo.lock_mode, lo.lock_type, 
lo.lock_table, lo.lock_index, tx.trx_query, null, null from information_schema.innodb_trx tx, information_schema.innodb_lock_waits lw, 
information_schema.innodb_locks lo, information_schema.processlist p 
where lw.requesting_trx_id = tx.trx_id and p.id = tx.trx_mysql_thread_id and lo.lock_id = lw.requested_lock_id) l 
order by role desc, trx_state desc;

对于复杂的多个会话相互行锁等待情况，建议先终止 Role 为 Blocker 且 trx_state 为 RUNNING 的会话；终止后再次检查，如果仍旧有行锁等待，再终止新结果中的 Role 为 Blocker 且 trx_state 为 RUNNING 的会话。
```


### 一致性非锁定读  consistent nonlocking read：

INNODB通过多版本控制机制（multi versioning）读取当前执行时间内数据库中的行数据。

```sql
原理：
MVCC多版本并发控制，其中行的快照数据指的是该行之前版本的数据，是通过undo段来实现的。而undo在事务中用来回滚数据，因此快照数据本身没有额外的开销。
此外，读取历史数据是不需要上锁的，因为没有事务需要对历史的数据进行修改操作。每行数据可能有多版本的历史数据。

    注意： 不同的隔离级别下，一致性非锁定读的区别。
    read commited   ：innodb使用非锁定的一致性读。对于快照数据，总是读取锁定行的最新的一份数据。
    repeatable read ：innodb使用非锁定的一致性读。对于快照数据，总是读取事务开始时的行数据版本
```

### 一致性锁定读

        SELECT ... FOR UPDATE          :对读取行加一个X锁，其他事务不能对其加任何锁
        SELECT ... LOCK IN SHARE MODE  :对读取行加一个S锁，其他事务可以向其加S锁，如果加X锁，会被阻塞。
        对于一致性锁定读，必须存在于一个事务当中，事务提交了，锁也释放了。添加begin  start transaction/ set autocommit=0



### 自增长与锁

```sql
从5.1.22版本开始，INNODB提供一种轻量级互斥量的自增长实现机制。

mysql> show variables like 'innodb_autoinc_lock_mode';
+--------------------------+-------+
| Variable_name            | Value |
+--------------------------+-------+
| innodb_autoinc_lock_mode | 1     |
+--------------------------+-------+
--通过此参数来控制自增长的模式。
参数说明：
0 通过表锁的auto-inc locking 来实现自增长
1 默认方式。 对于“simple inserts”(插入前就能够确定行数的语句) ，会通过互斥量（mutex）会对内存中的计数器进行累加操作
            对于“bulk inserts”（插入前不能确定行数），还是通过auto-inc locking 。
            注意：在主从架构当中，statement-based方式的replication 还是能很好的工作。
2 性能最高的方式，自增长值的产生都是通过互斥量。
            因此并发插入的时候，自增长值可能会是不连续的。而基于statement-based 的replication会出现问题。
            因此推荐使用row-based replication进行主从复制，并且保证最大性能。
            
--特别注意： 在innodb中，自增长的列必须要有索引，同时必须是索引的第一列。否则会抛出异常
mysql> create table inc_a( a int auto_increment, b int, key (b,a) ) engine=innodb;
ERROR 1075 (42000): Incorrect table definition; there can be only one auto column and it must be defined as a key


----
ON DUPLICATE KEY UPDATE的注意点总结
ON DUPLICATE KEY UPDATE 语法的目的是为了解决重复性，当数据库中存在某个记录时，执行这条语句会更新它，而不存在这条记录时，会插入它。
规则如果你插入的记录导致一个UNIQUE索引或者primary key(主键)出现重复，那么就会认为该条记录存在，则执行update语句而不是insert语句，
反之，则执行insert语句而不是更新语句。所以 ON DUPLICATE KEY UPDATE是不能写where条件的。

例子： 两条语句等价，其中a列是唯一
mysql>INSERT INTO table (a,b,c) VALUES (1,2,3) ON DUPLICATE KEY UPDATE c=c+1; 
mysql>UPDATE table SET c=c+1 WHERE a=1; 

如果列b也是唯一列，则INSERT与此UPDATE语句相当：
mysql>UPDATE table SET c=c+1 WHERE a=1 OR b=2 LIMIT 1;

注意： 应该尽量避免对带有多个唯一关键字的表使用ON DUPLICATE KEY子句。

mysql>INSERT INTO table (a,b,c) VALUES (1,2,3),(4,5,6) 
          ->ON DUPLICATE KEY UPDATE c=VALUES(a)+VALUES(b);

等价于：
mysql>INSERT INTO table (a,b,c) VALUES (1,2,3) 
          ->ON DUPLICATE KEY UPDATE c=3; 
mysql>INSERT INTO table (a,b,c) VALUES (4,5,6) 
          ->ON DUPLICATE KEY UPDATE c=9;    

```


### 外键和锁

外键主要用于引用完整性的约束检查。对于一个外键列，如果没有显示添加索引，innodb会自动对其添加一个索引，因为这样可以避免表锁。（oracle数据库则不会）

```powershell
    对于外键的插入更新操作，首先需要查询父表中的记录；
    对select 父表的操作，使用的是select ... lock in share mode 来避免数据不一致的问题。
    但是，如果此时父表上已经加了X锁，son表上的操作会被阻塞。
    
    oracle数据中产生死锁常见的原因是：对外键列没有自动添加索引；而innodb会自动给外键添加索引。
    若人为删除外键上的索引，MySQL会抛出异常：
```



## 锁的算法

### 行锁的3种算法

```SQL
1 record lock    单个行记录上的锁
2 Gap lock       间隙锁  锁定一个范围，但不包含记录本身
3 Next-key Lock  GAP + record   其目的是为了解决phantom problem

实验1 next-key lock降级：
1） 创建实验表t a是主键
mysql> drop table if exists t;
Query OK, 0 rows affected, 1 warning (0.00 sec)

mysql> create table t(a int primary key);
Query OK, 0 rows affected (0.02 sec)

mysql> insert into t select 1;
Query OK, 1 row affected (0.01 sec)
Records: 1  Duplicates: 0  Warnings: 0

mysql> insert into t select 2;
Query OK, 1 row affected (0.00 sec)
Records: 1  Duplicates: 0  Warnings: 0

mysql> insert into t select 5;
Query OK, 1 row affected (0.00 sec)
Records: 1  Duplicates: 0  Warnings: 0
    
2） 会话a
mysql> begin;
Query OK, 0 rows affected (0.00 sec)

mysql> select * from t where a=5 for update;
+---+
| a |
+---+
| 5 |
+---+
1 row in set (0.00 sec)

3） 会话b
mysql> begin;
Query OK, 0 rows affected (0.01 sec)

mysql> insert into t select 4;
Query OK, 1 row affected (0.00 sec)
Records: 1  Duplicates: 0  Warnings: 0

mysql> commit;
Query OK, 0 rows affected (0.00 sec)

--说明：a会话对a=5加X锁，由于a是主键唯一，因此仅仅锁定5这个值，而不是（2,5）的范围；这样b会话插入4也不会阻塞。
--即NEXT-key lock降级为record lock 。锁的降级仅仅在查询列是唯一索引的情况下，若唯一索引由多个列组成，若查询只查询其中一个，
--那么其查询的其实是range类型，而不是point类型，innoDB还是会使用Next-key lock。


实验2 ：

1）创建实验表z b列是辅助索引
mysql> create table z(a int,b int,primary key(a),key(b));
Query OK, 0 rows affected (0.03 sec)

mysql> insert into z select 1,1;
Query OK, 1 row affected (0.00 sec)
Records: 1  Duplicates: 0  Warnings: 0

mysql> insert into z select 3,1;
Query OK, 1 row affected (0.00 sec)
Records: 1  Duplicates: 0  Warnings: 0

mysql> insert into z select 5,3;
Query OK, 1 row affected (0.00 sec)
Records: 1  Duplicates: 0  Warnings: 0

mysql> insert into z select 7,6;
Query OK, 1 row affected (0.01 sec)
Records: 1  Duplicates: 0  Warnings: 0

mysql> insert into z select 10,8;
Query OK, 1 row affected (0.00 sec)
Records: 1  Duplicates: 0  Warnings: 0
    
2） 会话a

mysql> begin;
Query OK, 0 rows affected (0.00 sec)

mysql> select * from z where b=3 for update;
+---+------+
| a | b    |
+---+------+
| 5 |    3 |
+---+------+
1 row in set (0.00 sec)


3）会话b
mysql> select * from z where a=5 lock in share mode;
不能执行，因为a对a=5加上X锁

mysql> insert into z select 4,2;
不能执行，主键插入4没问题，但是b插入2在锁定范围(1,3] 之间，因此执行同样会被阻塞

mysql> insert into z select 6,5;
不能执行，插入主键6没有问题，但是b列插入5在锁定范围(3,6)之间，因此会被阻塞

mysql> insert into z select 8,6;
Query OK, 1 row affected (0.00 sec)
Records: 1  Duplicates: 0  Warnings: 0  没有问题

--说明：
    GAP LOCK的作用是为了阻止多个事务将记录插入到同一范围内，而导致phantom problem。
    如上述实验，会话a锁定了b=3，若没有锁定[3,6),用户可以插索引列b=3的记录，这样会导致a会话当中再次执行同样的查询会返回不同的结果。
                          
--注意：
    用户可以显式地关闭gap lock：
    将事务的隔离级别设置为read committed
    将参数innodb_locks_unsafe_for_binlog=1
```



### 解决Phantom problem

```SQL
定义： 指在同一事务下，连续执行两次同样的SQL可能导致不同的结果，第二次的SQL可能返回之前不存在的行。
实验：
    1）会话A
mysql> set session tx_isolation='READ-COMMITTED';
Query OK, 0 rows affected, 1 warning (0.00 sec)

mysql> begin;
Query OK, 0 rows affected (0.00 sec)

mysql> select * from t where a>2 for update;
+---+
| a |
+---+
| 4 |
| 5 |
+---+
    2） 会话B
mysql> begin;
Query OK, 0 rows affected (0.00 sec)

mysql> insert into t select 7;
Query OK, 1 row affected (0.00 sec)
Records: 1  Duplicates: 0  Warnings: 0

mysql> commit;
   3）会话A
mysql> select * from t where a>2 for update;
+---+
| a |
+---+
| 4 |
| 5 |
| 7 |
+---+
3 rows in set (0.00 sec)   

--实验说明： INNODB 存储引擎采用next-key locking的算法避免Phantom problem。
--对于select * from t where a>2 for update; 锁住的不是5这个单个的值，而是对(2,无穷大)加了X锁，因此任何对于这个范围内的插入都是不允许的，从而避免幻读。
```






## 锁问题

### 脏读

```powershell
脏读是指 在不同的事务下，当前事务可以读到另外事务未提交的数据，简单来说就是可以读到脏数据。
违反了事务的隔离性
```

### 不可重复读

```powershell
定义：
    是指一个事务内多次读取同一数据集合。在这个事务还没有结束的时候，另外一个事务也访问了该同一数据集合，并且做了DML。
    因此，在第一个事务中的两次读取数据之间，由于第二个事务的修改，那么第一个事务两次读到的数据可能不一样。
    这样就发生了在一个事务内两次读到的数据是不一样的情况。 违反了事务的一致性
```

### 丢失更新

```sql
    由于数据库的隔离性，都不会导致理论上的数据丢失更新问题。
    但是，实际上对于多用户的计算机系统环境下可能产生这个问题：
    1） 事务T1查询数据，放在本地内存，并且显示给终端用户user1
    2） T2也查询该数据，并且将取得的数据放在内存，显示给终端用户user2
    3） user1修改记录，提交
    4） user2修改记录，提交 

    例如：用户账户10000元，他使用两个网银客户端转账；
         第一次转账9000元，因为网络原因需要等待；
         这时，用户操作另一个网银客户端，转账1元。如果最终两笔操作都成功了，用户余额9999。
         而另一个账号却收到了9000，导致账不平。

    解决方法：
    在T1查询余额时，加上for update， X锁
    所以T2对余额的操作就必须等待T1的操作完成才能进行。
----让事务在这种情况下串行化；避免丢失更新！
```


6.6 阻塞



## 阻塞

因为不同的锁之间的兼容性关系，在某些时候，一个事务中的锁需要等待另外事务中的锁释放它所占的资源，这就是。

```SQL
两个关键参数：
1）
mysql> show variables like '%innodb_lock_wait_timeout%';
+--------------------------+-------+
| Variable_name            | Value |
+--------------------------+-------+
| innodb_lock_wait_timeout | 50    |
+--------------------------+-------+
1 row in set (0.00 sec)
动态参数，超时时间可以修改。
mysql> set  @@innodb_lock_wait_timeout=80;
Query OK, 0 rows affected (0.01 sec)    修改成80秒
发生超时的时候抛出1205错误
2）
mysql> show variables like '%innodb_rollback_on_timeout%';
+----------------------------+-------+
| Variable_name              | Value |
+----------------------------+-------+
| innodb_rollback_on_timeout | OFF   |
+----------------------------+-------+
静态参数，不可在启动时修改。主要作用是控制innodb会不会回滚超时引发的错误异常。


实验：--说明innodb_rollback_on_timeout参数
    会话A
mysql> begin;
Query OK, 0 rows affected (0.00 sec)

mysql> select * from t where a<16 for update;
+----+
| a  |
+----+
|  1 |
|  2 |
|  5 |
|  8 |
|  9 |
| 10 |
| 11 |
| 12 |
| 15 |
+----+
9 rows in set (0.00 sec)
会话A开启了一个事务，next-key lock锁定了<16的所有记录。
     会话mysql> begin;
Query OK, 0 rows affected (0.00 sec)

mysql> insert into t select 17;
Query OK, 1 row affected (0.00 sec)
Records: 1  Duplicates: 0  Warnings: 0

mysql> insert into t select 7;
ERROR 1205 (HY000): Lock wait timeout exceeded; try restarting transaction
--会话b 插入17没问题，但是插入7时，需要等待A会话释放这个资源。超时后，记录17已然存在：
mysql> select * from t;
+----+
| a  |
+----+
|  1 |
|  2 |
|  5 |
|  8 |
|  9 |
| 10 |
| 11 |
| 12 |
| 15 |
| 16 |
| 17 |
+----+
11 rows in set (0.00 sec)  需要手动rollback才能回退。
--这是因为innodb_rollback_on_timeout被设置为off的原因。
```



## 死锁

死锁是指两个或以上的事务在执行过程中，因为争夺锁资源而造成的一种相互等待的现象。

```sql
解决死锁的方法：
1 超时 innodb_lock_wait_timeout 来设置超时时间
  是根据FIFO（先进先出）但是若事务所占的权重较大，会占用较多的undo，采用FIFO就不合适
2 当前数据库主要采用wait-for graph 来检测死锁
  每个事务请求锁并且发生等待时，都会判断是否存在回路，若存在则有死锁！通常innodb会选择undo量较小的事务回滚。
  
  
死锁概率
    死锁的概率是非常小的！
    死锁概率=n^2r^4/4R^2
    n 系统的事务，数量越多，死锁的概率越大
    r 每个事务操作的数据  数据量越大 死锁的概率越大
    R 操作数据的集合   数据量越大 死锁的概率越小
    
    
实验 ：--死锁的示例 AB-BA死锁
会话A：
mysql> begin;
Query OK, 0 rows affected (0.00 sec)

mysql> select * from t where a=1 for update;
+---+
| a |
+---+
| 1 |
+---+
1 row in set (0.00 sec)

会话B：
mysql> begin;
Query OK, 0 rows affected (0.00 sec)

mysql> select * from t where a=2 for update;
+---+
| a |
+---+
| 2 |
+---+
1 row in set (0.00 sec)
    

会话A：
mysql> select * from t where a=2 for update;
等待....
    

会话B：

mysql> select * from t where a=1 for update;
ERROR 1213 (40001): Deadlock found when trying to get lock; try restarting transaction



实验：--死锁示例2
当前事务持有了待插入记录的下一个记录的X锁，但是等待队列当中存在一个S锁的请求，则会发生死锁！
会话A：
mysql> begin;
Query OK, 0 rows affected (0.00 sec)

会话B:
mysql> begin;
Query OK, 0 rows affected (0.00 sec)

会话A：
mysql> select * from t where a=5 for update;
+---+
| a |
+---+
| 5 |
+---+
1 row in set (0.00 sec)

会话B:

mysql> select * from t where a<=5 lock in share mode;
处于等待状态

会话A：
mysql> insert into t values (3);
ERROR 1213 (40001): Deadlock found when trying to get lock; try restarting transaction
--实验解释：
会话A对记录5持有X锁，会话B请求记录5的S锁等待发生，但是之前的请求的锁对记录1,2已经生效。
若是此时a插入记录3能够成功，会话B获得记录5的S锁之后，还要在向后获得记录3的记录，显得违反逻辑。因此innodb选择死锁处理。
```



## 锁升级

```powershell
锁升级（Lock Escalation） 是指将当前的锁的粒度降低。
如果在数据库的设计当中认为锁是一种稀缺资源，而且想要避免锁的开销，那么数据库当中会频繁出现锁升级的现象。

比如MS SQL SERVER会发生锁升级的现象：
1 由单独一句SQL对一个对象上持有的锁的数量超过了阈值（默认5000）
2 锁资源占用内存超过了激活内存的40%
锁升级带来的一定的性能提高，但会导致并发性能的降低。

innodb不会存在锁升级的问题。因为其不根据记录来产生行锁，相反，其根据每个事务访问的每个页对锁进行管理，采用位图的方式。
不管是一个事务锁住页中的一个记录还是多个记录，其开销都是一样的。
```