[TOC]

# 分区表

分区功能并不是在存储引擎层完成的，因此不只有InnoDB存储引擎支持分区

## 分区概述          

```powershell
从逻辑上讲，只有一个表和索引，在物理上，这表和索引有数十个物理分区组成，每个分区都是独立对象，可以单独处理，也可以作为一个更大的对象的一部分进行处理。

mysql支持水平分区（按照行来），目前只支持局部分区（数据 索引都分区），不支持全局分区（数据分区，索引放在一个对象中）


查看是否支持分区：
show variables like '%partition%';
mysql> show plugins;
+----------------------------+----------+--------------------+---------+---------+
| Name                       | Status   | Type               | Library | License |
+----------------------------+----------+--------------------+---------+---------+
| binlog                     | ACTIVE   | STORAGE ENGINE     | NULL    | GPL     |
| mysql_native_password      | ACTIVE   | AUTHENTICATION     | NULL    | GPL     |
| sha256_password            | ACTIVE   | AUTHENTICATION     | NULL    | GPL     |
| CSV                        | ACTIVE   | STORAGE ENGINE     | NULL    | GPL     |
| MyISAM                     | ACTIVE   | STORAGE ENGINE     | NULL    | GPL     |
| MRG_MYISAM                 | ACTIVE   | STORAGE ENGINE     | NULL    | GPL     |
| PERFORMANCE_SCHEMA         | ACTIVE   | STORAGE ENGINE     | NULL    | GPL     |
| MEMORY                     | ACTIVE   | STORAGE ENGINE     | NULL    | GPL     |
| InnoDB                     | ACTIVE   | STORAGE ENGINE     | NULL    | GPL     |
| INNODB_TRX                 | ACTIVE   | INFORMATION SCHEMA | NULL    | GPL     |
| INNODB_LOCKS               | ACTIVE   | INFORMATION SCHEMA | NULL    | GPL     |
| INNODB_LOCK_WAITS          | ACTIVE   | INFORMATION SCHEMA | NULL    | GPL     |
| INNODB_CMP                 | ACTIVE   | INFORMATION SCHEMA | NULL    | GPL     |
| INNODB_CMP_RESET           | ACTIVE   | INFORMATION SCHEMA | NULL    | GPL     |
| INNODB_CMPMEM              | ACTIVE   | INFORMATION SCHEMA | NULL    | GPL     |
| INNODB_CMPMEM_RESET        | ACTIVE   | INFORMATION SCHEMA | NULL    | GPL     |
| INNODB_CMP_PER_INDEX       | ACTIVE   | INFORMATION SCHEMA | NULL    | GPL     |
| INNODB_CMP_PER_INDEX_RESET | ACTIVE   | INFORMATION SCHEMA | NULL    | GPL     |
| INNODB_BUFFER_PAGE         | ACTIVE   | INFORMATION SCHEMA | NULL    | GPL     |
| INNODB_BUFFER_PAGE_LRU     | ACTIVE   | INFORMATION SCHEMA | NULL    | GPL     |
| INNODB_BUFFER_POOL_STATS   | ACTIVE   | INFORMATION SCHEMA | NULL    | GPL     |
| INNODB_TEMP_TABLE_INFO     | ACTIVE   | INFORMATION SCHEMA | NULL    | GPL     |
| INNODB_METRICS             | ACTIVE   | INFORMATION SCHEMA | NULL    | GPL     |
| INNODB_FT_DEFAULT_STOPWORD | ACTIVE   | INFORMATION SCHEMA | NULL    | GPL     |
| INNODB_FT_DELETED          | ACTIVE   | INFORMATION SCHEMA | NULL    | GPL     |
| INNODB_FT_BEING_DELETED    | ACTIVE   | INFORMATION SCHEMA | NULL    | GPL     |
| INNODB_FT_CONFIG           | ACTIVE   | INFORMATION SCHEMA | NULL    | GPL     |
| INNODB_FT_INDEX_CACHE      | ACTIVE   | INFORMATION SCHEMA | NULL    | GPL     |
| INNODB_FT_INDEX_TABLE      | ACTIVE   | INFORMATION SCHEMA | NULL    | GPL     |
| INNODB_SYS_TABLES          | ACTIVE   | INFORMATION SCHEMA | NULL    | GPL     |
| INNODB_SYS_TABLESTATS      | ACTIVE   | INFORMATION SCHEMA | NULL    | GPL     |
| INNODB_SYS_INDEXES         | ACTIVE   | INFORMATION SCHEMA | NULL    | GPL     |
| INNODB_SYS_COLUMNS         | ACTIVE   | INFORMATION SCHEMA | NULL    | GPL     |
| INNODB_SYS_FIELDS          | ACTIVE   | INFORMATION SCHEMA | NULL    | GPL     |
| INNODB_SYS_FOREIGN         | ACTIVE   | INFORMATION SCHEMA | NULL    | GPL     |
| INNODB_SYS_FOREIGN_COLS    | ACTIVE   | INFORMATION SCHEMA | NULL    | GPL     |
| INNODB_SYS_TABLESPACES     | ACTIVE   | INFORMATION SCHEMA | NULL    | GPL     |
| INNODB_SYS_DATAFILES       | ACTIVE   | INFORMATION SCHEMA | NULL    | GPL     |
| INNODB_SYS_VIRTUAL         | ACTIVE   | INFORMATION SCHEMA | NULL    | GPL     |
| partition                  | ACTIVE   | STORAGE ENGINE     | NULL    | GPL     |
| ARCHIVE                    | ACTIVE   | STORAGE ENGINE     | NULL    | GPL     |
| FEDERATED                  | DISABLED | STORAGE ENGINE     | NULL    | GPL     |
| BLACKHOLE                  | ACTIVE   | STORAGE ENGINE     | NULL    | GPL     |
| ngram                      | ACTIVE   | FTPARSER           | NULL    | GPL     |
+----------------------------+----------+--------------------+---------+---------+

注意点：
不论创建何种类型的分区，如果表中存在主键或者是唯一索引时，分区列必须是唯一索引的一个组成部分，
否则会报错
```

##                                                                                                                                                                                                                                                                                                                                                                                                                                                                                                                                                                                                                                                                                                                                                                                                                                                                                                                                                                                                                                                                                                                                                                                                                                                                                                                                                                                                                                                                                                                                                                                                                                                                                                                                                                                                                                                                                                                                                                                                                                                                                                                                                                                                                                                                                                                                                                                                                                                                                                                       





## 分区类型

```powershell
a. range 分区：
b. list 分区：
c. hash 分区：
d. key 分区：
不管何种分区，如果表中存在唯一索引或主键时，分区列必须是索引的一个组成部分
```



### range分区类型

```sql
例子：
mysql> create table t4(id int)  engine=innodb partition by range (id)(partition p0 values less than (10),partition p1 values less than (20));

mysql> insert into t4 values (9);
Query OK, 1 row affected (0.01 sec)
mysql> insert into t4 values (10);
Query OK, 1 row affected (0.00 sec)
mysql> insert into t4 values (15);
Query OK, 1 row affected (0.01 sec)

mysql> insert into t4 values (21);
ERROR 1526 (HY000): Table has no partition for value 21  插入超过分区的值会抛出异常



mysql> select * from information_schema.PARTITIONS where table_schema=database() AND table_name='t4'\G;
*************************** 1. row ***************************
                TABLE_CATALOG: def
                 TABLE_SCHEMA: db100
                   TABLE_NAME: t4
               PARTITION_NAME: p0
            SUBPARTITION_NAME: NULL
   PARTITION_ORDINAL_POSITION: 1
SUBPARTITION_ORDINAL_POSITION: NULL
             PARTITION_METHOD: RANGE    ----------显示分区类型
          SUBPARTITION_METHOD: NULL
         PARTITION_EXPRESSION: id
      SUBPARTITION_EXPRESSION: NULL
        PARTITION_DESCRIPTION: 10
                   TABLE_ROWS: 1
               AVG_ROW_LENGTH: 16384
                  DATA_LENGTH: 16384
              MAX_DATA_LENGTH: NULL
                 INDEX_LENGTH: 0
                    DATA_FREE: 0
                  CREATE_TIME: 2019-01-23 14:19:26
                  UPDATE_TIME: 2019-01-23 14:27:29
                   CHECK_TIME: NULL
                     CHECKSUM: NULL
            PARTITION_COMMENT:
                    NODEGROUP: default
              TABLESPACE_NAME: NULL
*************************** 2. row ***************************
                TABLE_CATALOG: def
                 TABLE_SCHEMA: db100
                   TABLE_NAME: t4
               PARTITION_NAME: p1
            SUBPARTITION_NAME: NULL
   PARTITION_ORDINAL_POSITION: 2
SUBPARTITION_ORDINAL_POSITION: NULL
             PARTITION_METHOD: RANGE
          SUBPARTITION_METHOD: NULL
         PARTITION_EXPRESSION: id
      SUBPARTITION_EXPRESSION: NULL
        PARTITION_DESCRIPTION: 20
                   TABLE_ROWS: 2   -----------反映分区当中的行记录
               AVG_ROW_LENGTH: 8192
                  DATA_LENGTH: 16384
              MAX_DATA_LENGTH: NULL
                 INDEX_LENGTH: 0
                    DATA_FREE: 0
                  CREATE_TIME: 2019-01-23 14:19:26
                  UPDATE_TIME: 2019-01-23 14:27:39
                   CHECK_TIME: NULL
                     CHECKSUM: NULL
            PARTITION_COMMENT:
                    NODEGROUP: default
              TABLESPACE_NAME: NULL

--对于上述异常，添加一个maxvalue值得分区
mysql> alter table t4 add partition(partition p2 values less than maxvalue);
Query OK, 0 rows affected (0.07 sec)
Records: 0  Duplicates: 0  Warnings: 0

mysql> insert into t4 values (59);
Query OK, 1 row affected (0.02 sec)

实际应用：如销售类的表，可以根据年来分区存放sales记录。
mysql> create table sales (money INT unsigned not null,date datetime) engine=innodb
       partition by range (year(date))
      (partition p2008 values less than (2009),
       partition p2009 values less than (2010),
       partition p2010 values less than (2011));


mysql> insert into sales select 100,'2008-1-1';
Query OK, 1 row affected (0.01 sec)
Records: 1  Duplicates: 0  Warnings: 0

mysql> insert into sales select 100,'2008-2-1';
Query OK, 1 row affected (0.00 sec)
Records: 1  Duplicates: 0  Warnings: 0

mysql> insert into sales select 200,'2008-2-10';
Query OK, 1 row affected (0.02 sec)
Records: 1  Duplicates: 0  Warnings: 0

mysql> insert into sales select 200,'2009-3-10';
Query OK, 1 row affected (0.01 sec)
Records: 1  Duplicates: 0  Warnings: 0

mysql> insert into sales select 100,'2010-3-15';
Query OK, 1 row affected (0.01 sec)
Records: 1  Duplicates: 0  Warnings: 0

用途一：
删除数据
mysql> alter table sales drop partition p2010;
Query OK, 0 rows affected (0.03 sec)
Records: 0  Duplicates: 0  Warnings: 0
查询数据
mysql> explain partitions select * from sales where date>='2008-01-01' AND date<='2008-12-31';
+----+-------------+-------+------------+------+---------------+------+---------+------+------+----------+-------------+
| id | select_type | table | partitions | type | possible_keys | key  | key_len | ref  | rows | filtered | Extra       |
+----+-------------+-------+------------+------+---------------+------+---------+------+------+----------+-------------+
|  1 | SIMPLE      | sales | p2008      | ALL  | NULL          | NULL | NULL    | NULL |    2 |    50.00 | Using where |
+----+-------------+-------+------------+------+---------------+------+---------+------+------+----------+-------------
可以看到执行计划只对p2008分区进行查询

注意事项：
   mysql> create table sales1 (money INT unsigned not null,date datetime) engine=innodb
    -> partition by range (year(date)*100+month(date))
    -> (partition p201001 values less than (201002),
    -> partition p201002 values less than (201003),
    -> partition p201003 values less than (201004)
    -> );
Query OK, 0 rows affected (0.07 sec)

mysql> insert into sales1 values(100,'2010-02-15');
Query OK, 1 row affected (0.01 sec)

mysql> explain partitions select * from sales1 where date>='2010-02-01' AND date<='2010-02-31';
+----+-------------+--------+-------------------------+------+---------------+------+---------+------+------+----------+-------------+
| id | select_type | table  | partitions              | type | possible_keys | key  | key_len | ref  | rows | filtered | Extra       |
+----+-------------+--------+-------------------------+------+---------------+------+---------+------+------+----------+-------------+
|  1 | SIMPLE      | sales1 | p201001,p201002,p201003 | ALL  | NULL          | NULL | NULL    | NULL |    1 |   100.00 | Using where |
+----+-------------+--------+-------------------------+------+---------------+------+---------+------+------+----------+-------------+
1 row in set, 2 warnings (0.01 sec)
   查看及时计划并没有按照指定分区查询。因为对于range分区的查询，优化器只支持year() to_days() to_seconds() unix_timestamp()这类函数进行优化

改成如下结果：
create table sales(
money int unsigned not null,
date datetime
)engine=innodb
partition by range(to_days(date))(
partition p201001 values less than(to_days('2010-02-01')),
partition p201002 values less than(to_days('2010-03-01')),
partition p201003 values less than(to_days('2010-04-01'))
);

mysql> explain partitions select * from sales where date >='2010-01-01' and date <='2010-01-31';
+----+-------------+-------+------------+------+---------------+------+---------+------+------+----------+-------------+
| id | select_type | table | partitions | type | possible_keys | key  | key_len | ref  | rows | filtered | Extra       |
+----+-------------+-------+------------+------+---------------+------+---------+------+------+----------+-------------+
|  1 | SIMPLE      | sales | p201001    | ALL  | NULL          | NULL | NULL    | NULL |    1 |   100.00 | Using where |
+----+-------------+-------+------------+------+---------------+------+---------+------+------+----------+-------------+
```



### list 分区

list分区列的值是离散的

```sql
mysql> create table litab (a int,b int) engine=innodb 
       partition by list(b)
       (partition p0 values in (1,3,5,7,9),
       partition p1 values in (0,2,4,6,8));


mysql> insert into litab select 1,1;
Query OK, 1 row affected (0.01 sec)
Records: 1  Duplicates: 0  Warnings: 0

mysql> insert into litab select 1,2;
Query OK, 1 row affected (0.00 sec)
Records: 1  Duplicates: 0  Warnings: 0

mysql> insert into litab select 1,3;
Query OK, 1 row affected (0.02 sec)
Records: 1  Duplicates: 0  Warnings: 0

mysql> insert into litab select 1,4;
Query OK, 1 row affected (0.00 sec)
Records: 1  Duplicates: 0  Warnings: 0

mysql> select * from information_schema.PARTITIONS where table_schema=database() AND table_name='litab'\G;
*************************** 1. row ***************************
                TABLE_CATALOG: def
                 TABLE_SCHEMA: db100
                   TABLE_NAME: litab
               PARTITION_NAME: p0
            SUBPARTITION_NAME: NULL
   PARTITION_ORDINAL_POSITION: 1
SUBPARTITION_ORDINAL_POSITION: NULL
             PARTITION_METHOD: LIST
          SUBPARTITION_METHOD: NULL
         PARTITION_EXPRESSION: b
      SUBPARTITION_EXPRESSION: NULL
        PARTITION_DESCRIPTION: 1,3,5,7,9
                   TABLE_ROWS: 2
               AVG_ROW_LENGTH: 8192
                  DATA_LENGTH: 16384
              MAX_DATA_LENGTH: NULL
                 INDEX_LENGTH: 0
                    DATA_FREE: 0
                  CREATE_TIME: 2019-01-24 15:26:20
                  UPDATE_TIME: 2019-01-24 15:26:55
                   CHECK_TIME: NULL
                     CHECKSUM: NULL
            PARTITION_COMMENT:
                    NODEGROUP: default
              TABLESPACE_NAME: NULL
*************************** 2. row ***************************
                TABLE_CATALOG: def
                 TABLE_SCHEMA: db100
                   TABLE_NAME: litab
               PARTITION_NAME: p1
            SUBPARTITION_NAME: NULL
   PARTITION_ORDINAL_POSITION: 2
SUBPARTITION_ORDINAL_POSITION: NULL
             PARTITION_METHOD: LIST
          SUBPARTITION_METHOD: NULL
         PARTITION_EXPRESSION: b
      SUBPARTITION_EXPRESSION: NULL
        PARTITION_DESCRIPTION: 0,2,4,6,8
                   TABLE_ROWS: 2
               AVG_ROW_LENGTH: 8192
                  DATA_LENGTH: 16384
              MAX_DATA_LENGTH: NULL
                 INDEX_LENGTH: 0
                    DATA_FREE: 0
                  CREATE_TIME: 2019-01-24 15:26:20
                  UPDATE_TIME: 2019-01-24 15:27:00
                   CHECK_TIME: NULL
                     CHECKSUM: NULL
            PARTITION_COMMENT:
                    NODEGROUP: default
              TABLESPACE_NAME: NULL

注意： insert插入数据遇到list分区未定义的值时，maisam会将之前的行数据插入，之后的数据就不会插入
       innodb则会将其视为一个事务，因此没有任何数据插入。
```



### hash分区

```sql
hash分区的目的是将数据均匀的分布到预定的分区当中，保证各分区的数据量大致都是一样的。
mysql> create table hasht (a int,b datetime) engine=innodb partition by hash (year(b)) partitions 4;
优点：数据分布均匀
mysql> create table t_linear(a int,b datetime) engine=innodb partition by linear hash(year(b)) partitions 4;
优点：增删改查效率更高
```



### key分区

```
KEY分区和HASH分区相似；不同在于，HASH分区使用用户定义的函数进行分区，KEY分区使用MySQL数据库提供的函数进行分区。NDB Cluster引擎使用MD5函数来分区，对于其他存储引擎，MySQL数据库使用其内部的哈希函数，这些函数是基于与PASSWORD()一样的运算法则。如：

create table t_key(
a int,
b datetime) engine=innodb
partition by key(b)
partitions 4;

在KEY分区中使用关键字LINEAR，和在HASH分区中具有同样的作用，分区的编号是通过2的幂（powers-of-two）算法得到的，而不是通过模数算法。
```



### columns 分区

```sql
上述分区方法的必要条件是：数据必须是整形，如果不是整形，必须通过函数将其转化为整形。
columns 可以直接对非整形的数据进行分区。range columns方可以对多个列的值进行分区：
支持所有的整形
支持日期类型
字符串类型：char varchar binary varbinary  不支持blob text

对日期进行分区
create table t_columns (a int,b datetime) engine=innodb partition by range columns (b)
(partition p0 values less than ('2018-01-01'), partition p1 values less than ('2019-01-01') );

对字符进行分区
mysql> create table customers_1 (first_name varchar(25),last_name varchar(30),street_1 varchar(30),street_2 varchar(30),city varchar(15),renewal DATE)
    -> partition by  list columns(city)(
    -> partition pcities1 values in ('shanghai','beijing','nanjing'),
    -> partition pcities2 values in ('tianjing','chengdu','wuhan'),
    -> partition pcities3 values in ('chongqin','nantong','suzhou')
    -> );

对多个列进行分区       
mysql> create table rcx (a int,b int,c char(3),d int) engine=innodb
    -> partition  by range columns(a,b,c)(
    -> partition p0 values less than (5,10,'ggg'),
    -> partition p1 values less than (10,20,'mmm'),
    -> partition p2 values less than (15,30,'sss'),
    -> partition p3 values less than (maxvalue,maxvalue,maxvalue)
    -> )
```



## 子分区

子分区是在分区的基础上再进行分区，也称复合分区。  mysql 数据库允许在range和list的分区上再进行hash和key的子分区。

```sql
不定义子分区：
    CREATE TABLE tb_sub (id INT, purchased DATE) engine=innodb
    PARTITION BY RANGE( YEAR(purchased) )
    SUBPARTITION BY HASH( TO_DAYS(purchased) )
    SUBPARTITIONS 2 
    (
        PARTITION p0 VALUES LESS THAN (1990),
        PARTITION p1 VALUES LESS THAN (2000),
        PARTITION p2 VALUES LESS THAN MAXVALUE
    );

定义子分区：  
    create table ts (a int,b date)
    partition by range (year(b))
    subpartition by hash(to_days(b))(
    partition p0 values less than (1990)(
    subpartition s0,
    subpartition s1),
    partition p1 values less than (2000)(
    subpartition s2,
    subpartition s3),
    partition p2 values less than maxvalue(
    subpartition s4,
    subpartition s5)
    );
    
    [root@DBtest db100]# ll /usr/local/mysql/data/db100/ts*
-rw-r----- 1 mysql mysql  8578 Feb 12 13:46 /usr/local/mysql/data/db100/ts.frm
-rw-r----- 1 mysql mysql 98304 Feb 12 13:46 /usr/local/mysql/data/db100/ts#P#p0#SP#s0.ibd
-rw-r----- 1 mysql mysql 98304 Feb 12 13:46 /usr/local/mysql/data/db100/ts#P#p0#SP#s1.ibd
-rw-r----- 1 mysql mysql 98304 Feb 12 13:46 /usr/local/mysql/data/db100/ts#P#p1#SP#s2.ibd
-rw-r----- 1 mysql mysql 98304 Feb 12 13:46 /usr/local/mysql/data/db100/ts#P#p1#SP#s3.ibd
-rw-r----- 1 mysql mysql 98304 Feb 12 13:46 /usr/local/mysql/data/db100/ts#P#p2#SP#s4.ibd
-rw-r----- 1 mysql mysql 98304 Feb 12 13:46 /usr/local/mysql/data/db100/ts#P#p2#SP#s5.ibd

注意：

1. 每个子分区的数量必须相同
2. 要在一个分区表上的任何分区使用subpartition来定义任何子分区，就必须定义所有的子分区。
3. 每个subpartition子句必须包含子分区的名字，且唯一
```



## 分区中NULL值

```powershell
对于RANGE分区，如果对于分区列插入了NULL值，则MySQL数据库会将该值放入最左边的分区（这和Oracle数据库完全不同，Oracle数据库会将NULL值放入MAXVALUE分区中）。
mysql分区总是视NULL小于任何一个非null的值。这和order by的处理是一样的

LIST分区下要使用NULL值，则必须显式地指出哪个分区中放入NULL值，否则会报错

对于hash 和 key 分区：任何分区函数都会将null值返回为0。

实验：
 对于range分区：
 mysql> create table t_range (
    -> a INT,
    -> b INT) engine=innodb
    -> partition by range(b)(
    -> partition p0 values less than (10),
    -> partition p1 values less than (20),
    -> partition p2 values less than maxvalue
    -> );
Query OK, 0 rows affected (0.09 sec)

mysql> insert into t_range select 1,1;
Query OK, 1 row affected (0.00 sec)
Records: 1  Duplicates: 0  Warnings: 0

mysql> insert into t_range select 1,null;
Query OK, 1 row affected (0.01 sec)
Records: 1  Duplicates: 0  Warnings: 0

mysql> select table_name,partition_name,table_rows
    -> from information_schema.partitions
    -> where table_schema=DATABASE() and table_name='t_range'\G;
*************************** 1. row ***************************
    table_name: t_range
partition_name: p0
    table_rows: 2
*************************** 2. row ***************************
    table_name: t_range
partition_name: p1
    table_rows: 0
*************************** 3. row ***************************
    table_name: t_range
partition_name: p2
    table_rows: 0
3 rows in set (0.00 sec)

可见两条数据都放在了p0分区，对于range分区，NULL会放在最左边的分区中。删除p0会把null一并删除。
mysql> alter table t_range drop partition p0;
mysql> select * from t_range;


对于hash：
mysql> create table t_hash(
    -> a int,
    -> b int) engine=innodb
    -> partition by hash(b)
    -> partitions 4;
Query OK, 0 rows affected (0.12 sec)

mysql> insert into t_hash select 1,0;
Query OK, 1 row affected (0.02 sec)
Records: 1  Duplicates: 0  Warnings: 0

mysql> insert into t_hash select 1,null;
Query OK, 1 row affected (0.00 sec)
Records: 1  Duplicates: 0  Warnings: 0

mysql> select table_name,partition_name,table_rows
    ->   from information_schema.partitions
    ->   where table_schema=DATABASE() and table_name='t_hash'\G;
*************************** 1. row ***************************
    table_name: t_hash
partition_name: p0
    table_rows: 2
*************************** 2. row ***************************
    table_name: t_hash
partition_name: p1
    table_rows: 0
*************************** 3. row ***************************
    table_name: t_hash
partition_name: p2
    table_rows: 0
*************************** 4. row ***************************
    table_name: t_hash
partition_name: p3
    table_rows: 0

```

  

## 分区和性能

```visual basic
数据库应用分两类：OLTP（在线事务）和OLAP（在线分析）

对于OLAP的应用，分区可以很好的提高查询性能，只扫描指定分区 ，partition pruning技术
对于OLTP的应用，分区必须小心使用，设计不好会带来严重的性能问题

比如：
很多开发团队会认为含有1000万行的表是一张非常巨大的表，所以他们往往会选择采用分区，如对主键做10个HASH的分区，这样每个分区就只有100万行的数据了，因此查询应该变得更快了，如SELECT * FROM TABLE WHERE PK=@pk。但是有没有考虑过这样一个问题：100万行和1000万行的数据本身构成的B+树的层次都是一样的，可能都是2层？那么上述走主键分区的索引并不会带来性能的提高。是的，即使1000万行的B+树的高度是3，100万行的B+树的高度是2，那么上述走主键分区的索引可以避免1次IO，从而提高查询的效率。嗯，这没问题，但是这张表只有主键索引，而没有任何其他的列需要查询？如果还有类似如下的语句SQL：SELECT * FROM TABLE WHERE KEY=@key，这时对于KEY的查询需要扫描所有的10个分区，即使每个分区的查询开销为2次IO，则一共需要20次IO。而对于原来单表的设计，对于KEY的查询还是2～3次IO。
```



## 在表和分区之间交换数据

```SQL
创建原表
mysql> create table e (
    -> id INT,
    -> fname varchar(30),
    -> lname varchar(30)
    -> )
    -> partition by range (id) (
    -> partition p0 values less than (50),
    -> partition p1 values less than (100),
    -> partition p2 values less than (150),
    -> partition p3 values less than (maxvalue)
    -> );

插入实验数据       
    mysql> insert into e values
    -> (1669,'jin','smith'),
    -> (337,'mary','jones'),
    -> (16,'frank','white'),
    -> (2005,'linda','black');
    
    
创建目标表       
        mysql> create table e2 like e;
        mysql> show create table e2\G;
 
 *************************** 1. row ***************************
       Table: e2
Create Table: CREATE TABLE `e2` (
  `id` int(11) DEFAULT NULL,
  `fname` varchar(30) DEFAULT NULL,
  `lname` varchar(30) DEFAULT NULL
) ENGINE=InnoDB DEFAULT CHARSET=latin1
/*!50100 PARTITION BY RANGE (id)
(PARTITION p0 VALUES LESS THAN (50) ENGINE = InnoDB,
PARTITION p1 VALUES LESS THAN (100) ENGINE = InnoDB,
PARTITION p2 VALUES LESS THAN (150) ENGINE = InnoDB,
PARTITION p3 VALUES LESS THAN MAXVALUE ENGINE = InnoDB) */

去除目标表的分区
mysql> alter table e2 remove partitioning;
Query OK, 0 rows affected (0.08 sec)
Records: 0  Duplicates: 0  Warnings: 0

mysql> show create table e2\G;
*************************** 1. row ***************************
       Table: e2
Create Table: CREATE TABLE `e2` (
  `id` int(11) DEFAULT NULL,
  `fname` varchar(30) DEFAULT NULL,
  `lname` varchar(30) DEFAULT NULL
) ENGINE=InnoDB DEFAULT CHARSET=latin1
1 row in set (0.00 sec)

查看原表分区情况
mysql> select partition_name,table_rows  from information_schema.partitions where table_name='e';
+----------------+------------+
| partition_name | table_rows |
+----------------+------------+
| p0             |          1 |
| p1             |          0 |
| p2             |          0 |
| p3             |          3 |
+----------------+------------+
4 rows in set (0.00 sec)

交换数据
mysql> alter table e exchange partition p0 with table e2;
Query OK, 0 rows affected (0.02 sec)

再查看分区情况
mysql> select partition_name,table_rows  from information_schema.partitions where table_name='e';
+----------------+------------+
| partition_name | table_rows |
+----------------+------------+
| p0             |          0 |
| p1             |          0 |
| p2             |          0 |
| p3             |          3 |
+----------------+------------+
```







